../server/seed.ts(47,37): error TS2769: No overload matches this call.
  Overload 1 of 2, '(value: { id: string | SQL<unknown> | Placeholder<string, any>; role: "admin" | "verifier" | "contributor" | "buyer" | SQL<unknown> | Placeholder<string, any>; ... 7 more ...; deletedAt?: SQL<...> | ... 3 more ... | undefined; }): PgInsertBase<...>', gave the following error.
    Argument of type '{ id: `${string}-${string}-${string}-${string}-${string}`; name: string; email: string; password: string; role: string; username: string; }' is not assignable to parameter of type '{ id: string | SQL<unknown> | Placeholder<string, any>; role: "admin" | "verifier" | "contributor" | "buyer" | SQL<unknown> | Placeholder<string, any>; ... 7 more ...; deletedAt?: SQL<...> | ... 3 more ... | undefined; }'.
      Types of property 'role' are incompatible.
        Type 'string' is not assignable to type '"admin" | "verifier" | "contributor" | "buyer" | SQL<unknown> | Placeholder<string, any>'.
  Overload 2 of 2, '(values: { id: string | SQL<unknown> | Placeholder<string, any>; role: "admin" | "verifier" | "contributor" | "buyer" | SQL<unknown> | Placeholder<string, any>; ... 7 more ...; deletedAt?: SQL<...> | ... 3 more ... | undefined; }[]): PgInsertBase<...>', gave the following error.
    Argument of type '{ id: `${string}-${string}-${string}-${string}-${string}`; name: string; email: string; password: string; role: string; username: string; }' is not assignable to parameter of type '{ id: string | SQL<unknown> | Placeholder<string, any>; role: "admin" | "verifier" | "contributor" | "buyer" | SQL<unknown> | Placeholder<string, any>; ... 7 more ...; deletedAt?: SQL<...> | ... 3 more ... | undefined; }[]'.
      Type '{ id: `${string}-${string}-${string}-${string}-${string}`; name: string; email: string; password: string; role: string; username: string; }' is missing the following properties from type '{ id: string | SQL<unknown> | Placeholder<string, any>; role: "admin" | "verifier" | "contributor" | "buyer" | SQL<unknown> | Placeholder<string, any>; ... 7 more ...; deletedAt?: SQL<...> | ... 3 more ... | undefined; }[]': length, pop, push, concat, and 35 more.
../server/storage.ts(157,7): error TS2322: Type 'string' is not assignable to type '"admin" | "verifier" | "contributor" | "buyer"'.
../server/storage.ts(525,53): error TS2769: No overload matches this call.
  Overload 1 of 3, '(left: PgColumn<{ name: "role"; tableName: "users"; dataType: "string"; columnType: "PgEnumColumn"; data: "admin" | "verifier" | "contributor" | "buyer"; driverParam: string; notNull: true; hasDefault: false; ... 6 more ...; generated: undefined; }, {}, {}>, right: "admin" | ... 3 more ... | SQLWrapper): SQL<...>', gave the following error.
    Argument of type 'string' is not assignable to parameter of type '"admin" | "verifier" | "contributor" | "buyer" | SQLWrapper'.
  Overload 2 of 3, '(left: Aliased<string>, right: string | SQLWrapper): SQL<unknown>', gave the following error.
    Argument of type 'PgColumn<{ name: "role"; tableName: "users"; dataType: "string"; columnType: "PgEnumColumn"; data: "admin" | "verifier" | "contributor" | "buyer"; driverParam: string; notNull: true; hasDefault: false; ... 6 more ...; generated: undefined; }, {}, {}>' is not assignable to parameter of type 'Aliased<string>'.
      Type 'PgColumn<{ name: "role"; tableName: "users"; dataType: "string"; columnType: "PgEnumColumn"; data: "admin" | "verifier" | "contributor" | "buyer"; driverParam: string; notNull: true; hasDefault: false; ... 6 more ...; generated: undefined; }, {}, {}>' is missing the following properties from type 'Aliased<string>': sql, fieldAlias
  Overload 3 of 3, '(left: never, right: unknown): SQL<unknown>', gave the following error.
    Argument of type 'PgColumn<{ name: "role"; tableName: "users"; dataType: "string"; columnType: "PgEnumColumn"; data: "admin" | "verifier" | "contributor" | "buyer"; driverParam: string; notNull: true; hasDefault: false; ... 6 more ...; generated: undefined; }, {}, {}>' is not assignable to parameter of type 'never'.
../server/storage.ts(538,56): error TS2769: No overload matches this call.
  Overload 1 of 3, '(left: PgColumn<{ name: "status"; tableName: "projects"; dataType: "string"; columnType: "PgEnumColumn"; data: "pending" | "verified" | "rejected" | "needs_clarification"; driverParam: string; ... 8 more ...; generated: undefined; }, {}, {}>, right: "pending" | ... 3 more ... | SQLWrapper): SQL<...>', gave the following error.
    Argument of type 'string' is not assignable to parameter of type '"pending" | "verified" | "rejected" | "needs_clarification" | SQLWrapper'.
  Overload 2 of 3, '(left: Aliased<string>, right: string | SQLWrapper): SQL<unknown>', gave the following error.
    Argument of type 'PgColumn<{ name: "status"; tableName: "projects"; dataType: "string"; columnType: "PgEnumColumn"; data: "pending" | "verified" | "rejected" | "needs_clarification"; driverParam: string; notNull: true; ... 7 more ...; generated: undefined; }, {}, {}>' is not assignable to parameter of type 'Aliased<string>'.
      Type 'PgColumn<{ name: "status"; tableName: "projects"; dataType: "string"; columnType: "PgEnumColumn"; data: "pending" | "verified" | "rejected" | "needs_clarification"; driverParam: string; notNull: true; ... 7 more ...; generated: undefined; }, {}, {}>' is missing the following properties from type 'Aliased<string>': sql, fieldAlias
  Overload 3 of 3, '(left: never, right: unknown): SQL<unknown>', gave the following error.
    Argument of type 'PgColumn<{ name: "status"; tableName: "projects"; dataType: "string"; columnType: "PgEnumColumn"; data: "pending" | "verified" | "rejected" | "needs_clarification"; driverParam: string; notNull: true; ... 7 more ...; generated: undefined; }, {}, {}>' is not assignable to parameter of type 'never'.
../server/storage.ts(871,45): error TS7006: Parameter 'r' implicitly has an 'any' type.
../server/storage.ts(878,41): error TS7006: Parameter 'r' implicitly has an 'any' type.
../server/storage.ts(879,47): error TS7006: Parameter 'r' implicitly has an 'any' type.
